 trackingSim_sfun

 Timestamp is 584fd266 (Tue Dec 13 10:50:14 2016)

 Preferred load address is 0000000180000000

 Start         Length     Name                   Class
 0001:00000000 00022984H .text                   CODE
 0001:00022990 00000092H .text$x                 CODE
 0002:00000000 00000518H .idata$5                DATA
 0002:00000518 00000008H .CRT$XCA                DATA
 0002:00000520 00000008H .CRT$XCZ                DATA
 0002:00000528 00000008H .CRT$XIA                DATA
 0002:00000530 00000008H .CRT$XIAA               DATA
 0002:00000538 00000008H .CRT$XIZ                DATA
 0002:00000540 000006ccH .rdata                  DATA
 0002:00000c10 00000008H .rtc$IAA                DATA
 0002:00000c18 00000008H .rtc$IZZ                DATA
 0002:00000c20 00000008H .rtc$TAA                DATA
 0002:00000c28 00000008H .rtc$TZZ                DATA
 0002:00000c30 00000934H .xdata                  DATA
 0002:00001564 000000b4H .idata$2                DATA
 0002:00001618 00000014H .idata$3                DATA
 0002:00001630 00000518H .idata$4                DATA
 0002:00001b48 00000e06H .idata$6                DATA
 0002:00002950 00000056H .edata                  DATA
 0003:00000000 00002cb8H .data                   DATA
 0003:00002cc0 000006a8H .bss                    DATA
 0004:00000000 00000abcH .pdata                  DATA

  Address         Publics by Value              Rva+Base               Lib:Object

 0000:00000000       ___safe_se_handler_table   0000000000000000     <absolute>
 0000:00000000       ___safe_se_handler_count   0000000000000000     <absolute>
 0000:00000000       __ImageBase                0000000180000000     <linker-defined>
 0001:00000000       trackingSim_initializer    0000000180001000 f   trackingSim_sfun.obj
 0001:00000010       trackingSim_terminator     0000000180001010 f   trackingSim_sfun.obj
 0001:00000020       sf_trackingSim_method_dispatcher 0000000180001020 f   trackingSim_sfun.obj
 0001:00000070       sf_trackingSim_process_check_sum_call 0000000180001070 f   trackingSim_sfun.obj
 0001:00000400       sf_trackingSim_autoinheritance_info 0000000180001400 f   trackingSim_sfun.obj
 0001:00000570       sf_trackingSim_get_eml_resolved_functions_info 0000000180001570 f   trackingSim_sfun.obj
 0001:000006a0       sf_trackingSim_third_party_uses_info 00000001800016a0 f   trackingSim_sfun.obj
 0001:000007f0       sf_trackingSim_jit_fallback_info 00000001800017f0 f   trackingSim_sfun.obj
 0001:00000940       sf_trackingSim_updateBuildInfo_args_info 0000000180001940 f   trackingSim_sfun.obj
 0001:00000a90       trackingSim_debug_initialize 0000000180001a90 f   trackingSim_sfun.obj
 0001:00000b10       trackingSim_register_exported_symbols 0000000180001b10 f   trackingSim_sfun.obj
 0001:00000b20       load_trackingSim_optimization_info 0000000180001b20 f   trackingSim_sfun.obj
 0001:00000bd0       unload_trackingSim_optimization_info 0000000180001bd0 f   trackingSim_sfun.obj
 0001:00000c00       sf_c1_trackingSim_get_eml_resolved_functions_info 0000000180001c00 f   c1_trackingSim.obj
 0001:00000c60       sf_c1_trackingSim_get_check_sum 0000000180001c60 f   c1_trackingSim.obj
 0001:00000ce0       sf_c1_trackingSim_get_autoinheritance_info 0000000180001ce0 f   c1_trackingSim.obj
 0001:00001b00       sf_c1_trackingSim_third_party_uses_info 0000000180002b00 f   c1_trackingSim.obj
 0001:00001b50       sf_c1_trackingSim_jit_fallback_info 0000000180002b50 f   c1_trackingSim.obj
 0001:00001c90       sf_c1_trackingSim_updateBuildInfo_args_info 0000000180002c90 f   c1_trackingSim.obj
 0001:00001cc0       sf_c1_trackingSim_get_post_codegen_info 0000000180002cc0 f   c1_trackingSim.obj
 0001:00001d90       c1_trackingSim_method_dispatcher 0000000180002d90 f   c1_trackingSim.obj
 0001:0001a7b0       sf_process_check_sum_call  000000018001b7b0 f   trackingSim_sfun_registry.obj
 0001:0001a800       sf_process_autoinheritance_call 000000018001b800 f   trackingSim_sfun_registry.obj
 0001:0001a9a0       sf_process_get_third_party_uses_info_call 000000018001b9a0 f   trackingSim_sfun_registry.obj
 0001:0001ab40       sf_process_get_jit_fallback_info_call 000000018001bb40 f   trackingSim_sfun_registry.obj
 0001:0001ace0       sf_process_get_updateBuildInfo_args_info_call 000000018001bce0 f   trackingSim_sfun_registry.obj
 0001:0001ae80       sf_process_get_eml_resolved_functions_info_call 000000018001be80 f   trackingSim_sfun_registry.obj
 0001:0001b000       sf_mex_unlock_call         000000018001c000 f   trackingSim_sfun_registry.obj
 0001:0001b0b0       sf_machine_global_initializer_called 000000018001c0b0 f   trackingSim_sfun_registry.obj
 0001:0001b0e0       sf_machine_global_method_dispatcher 000000018001c0e0 f   trackingSim_sfun_registry.obj
 0001:0001b140       sf_machine_global_terminator 000000018001c140 f   trackingSim_sfun_registry.obj
 0001:0001b190       sf_register_machine_exported_symbols 000000018001c190 f   trackingSim_sfun_registry.obj
 0001:0001b1b0       callCustomFcn              000000018001c1b0 f   trackingSim_sfun_registry.obj
 0001:0001b1c0       sf_machine_global_initializer 000000018001c1c0 f   trackingSim_sfun_registry.obj
 0001:0001b240       mdlGetSimState             000000018001c240 f   trackingSim_sfun_registry.obj
 0001:0001b280       mdlSetSimState             000000018001c280 f   trackingSim_sfun_registry.obj
 0001:0001b2c0       _ssSetStateAbsTol          000000018001c2c0 f   trackingSim_sfun_registry.obj
 0001:0001b3a0       _ssGetAbsTol               000000018001c3a0 f   trackingSim_sfun_registry.obj
 0001:0001b410       _ssSetInputPortMatrixDimensions 000000018001c410 f   trackingSim_sfun_registry.obj
 0001:0001b520       _ssSetOutputPortMatrixDimensions 000000018001c520 f   trackingSim_sfun_registry.obj
 0001:0001b630       _ssSetInputPortVectorDimension 000000018001c630 f   trackingSim_sfun_registry.obj
 0001:0001b700       _ssSetOutputPortVectorDimension 000000018001c700 f   trackingSim_sfun_registry.obj
 0001:0001b7d0       _ssSetSymbolicDimsSupport  000000018001c7d0 f   trackingSim_sfun_registry.obj
 0001:0001b840       _ssRegisterSymbolicDimsExpr 000000018001c840 f   trackingSim_sfun_registry.obj
 0001:0001b8c0       _ssRegisterSymbolicDims    000000018001c8c0 f   trackingSim_sfun_registry.obj
 0001:0001b960       _ssRegisterSymbolicDimsString 000000018001c960 f   trackingSim_sfun_registry.obj
 0001:0001b9e0       _ssRegisterSymbolicDimsIntValue 000000018001c9e0 f   trackingSim_sfun_registry.obj
 0001:0001ba50       _ssRegisterSymbolicDimsPlus 000000018001ca50 f   trackingSim_sfun_registry.obj
 0001:0001bad0       _ssRegisterSymbolicDimsMinus 000000018001cad0 f   trackingSim_sfun_registry.obj
 0001:0001bb50       _ssRegisterSymbolicDimsMultiply 000000018001cb50 f   trackingSim_sfun_registry.obj
 0001:0001bbd0       _ssRegisterSymbolicDimsDivide 000000018001cbd0 f   trackingSim_sfun_registry.obj
 0001:0001bc50       _ssGetNumSymbolicDims      000000018001cc50 f   trackingSim_sfun_registry.obj
 0001:0001bcc0       _ssGetSymbolicDim          000000018001ccc0 f   trackingSim_sfun_registry.obj
 0001:0001bd40       _ssSetInputPortSymbolicDimsId 000000018001cd40 f   trackingSim_sfun_registry.obj
 0001:0001bdb0       _ssGetCompInputPortSymbolicDimsId 000000018001cdb0 f   trackingSim_sfun_registry.obj
 0001:0001be20       _ssSetCompInputPortSymbolicDimsId 000000018001ce20 f   trackingSim_sfun_registry.obj
 0001:0001be90       _ssSetOutputPortSymbolicDimsId 000000018001ce90 f   trackingSim_sfun_registry.obj
 0001:0001bf00       _ssGetCompOutputPortSymbolicDimsId 000000018001cf00 f   trackingSim_sfun_registry.obj
 0001:0001bf70       _ssSetCompOutputPortSymbolicDimsId 000000018001cf70 f   trackingSim_sfun_registry.obj
 0001:0001bfe0       _ssSetCompDWorkSymbolicDimsId 000000018001cfe0 f   trackingSim_sfun_registry.obj
 0001:0001c050       ssIsRunTimeParamTunable    000000018001d050 f   trackingSim_sfun_registry.obj
 0001:0001c0c0       ssGetSFuncBlockHandle      000000018001d0c0 f   trackingSim_sfun_registry.obj
 0001:0001c130       _ssGetCurrentInputPortWidth 000000018001d130 f   trackingSim_sfun_registry.obj
 0001:0001c250       _ssGetCurrentOutputPortWidth 000000018001d250 f   trackingSim_sfun_registry.obj
 0001:0001c370       _ssGetCallSystemNumFcnCallDestinations 000000018001d370 f   trackingSim_sfun_registry.obj
 0001:0001c3e0       ssGetParameterTuningCompliance 000000018001d3e0 f   trackingSim_sfun_registry.obj
 0001:0001c450       ssWarning                  000000018001d450 f   trackingSim_sfun_registry.obj
 0001:0001c560       ssGetIsZeroCrossControlDisabled 000000018001d560 f   trackingSim_sfun_registry.obj
 0001:0001c5d0       ssSetIsInputPortUsedForContZcSignal 000000018001d5d0 f   trackingSim_sfun_registry.obj
 0001:0001c640       ssSetZcSignalIsZcElementDisc 000000018001d640 f   trackingSim_sfun_registry.obj
 0001:0001c6f0       ssSetZcSignalName          000000018001d6f0 f   trackingSim_sfun_registry.obj
 0001:0001c760       ssSetZcSignalWidth         000000018001d760 f   trackingSim_sfun_registry.obj
 0001:0001c7d0       ssSetZcSignalZcEventType   000000018001d7d0 f   trackingSim_sfun_registry.obj
 0001:0001c840       ssSetZcSignalType          000000018001d840 f   trackingSim_sfun_registry.obj
 0001:0001c8b0       ssSetZcSignalZcTol         000000018001d8b0 f   trackingSim_sfun_registry.obj
 0001:0001c920       ssSetZcSignalNeedsEventNotification 000000018001d920 f   trackingSim_sfun_registry.obj
 0001:0001c990       ssCreateAndAddZcSignalInfo 000000018001d990 f   trackingSim_sfun_registry.obj
 0001:0001ca00       ssCloneAndAddZcSignalInfo  000000018001da00 f   trackingSim_sfun_registry.obj
 0001:0001ca70       ssGetNumZcSignals          000000018001da70 f   trackingSim_sfun_registry.obj
 0001:0001cae0       ssGetZcSignalVector        000000018001dae0 f   trackingSim_sfun_registry.obj
 0001:0001cb50       ssGetZcSignalZcEvents      000000018001db50 f   trackingSim_sfun_registry.obj
 0001:0001cbc0       ssGetZcSignalName          000000018001dbc0 f   trackingSim_sfun_registry.obj
 0001:0001cc30       ssGetZcSignalWidth         000000018001dc30 f   trackingSim_sfun_registry.obj
 0001:0001cca0       ssGetZcSignalZcEventType   000000018001dca0 f   trackingSim_sfun_registry.obj
 0001:0001cd10       ssGetZcSignalType          000000018001dd10 f   trackingSim_sfun_registry.obj
 0001:0001cd80       ssGetZcSignalZcTol         000000018001dd80 f   trackingSim_sfun_registry.obj
 0001:0001ce00       ssGetZcSignalNeedsEventNotification 000000018001de00 f   trackingSim_sfun_registry.obj
 0001:0001ce70       ssGetZcSignalIsZcElementDisc 000000018001de70 f   trackingSim_sfun_registry.obj
 0001:0001cf10       ssGetIsInputPortElementContinuous 000000018001df10 f   trackingSim_sfun_registry.obj
 0001:0001cfb0       _ssGetInputPortSignalPtrsFcn 000000018001dfb0 f   trackingSim_sfun_registry.obj
 0001:0001d330       _ssGetInputPortSignalFcn   000000018001e330 f   trackingSim_sfun_registry.obj
 0001:0001d610       _ssSetInputPortDirectFeedThroughFcn 000000018001e610 f   trackingSim_sfun_registry.obj
 0001:0001d7c0       _ssSetInputPortReusableFcn 000000018001e7c0 f   trackingSim_sfun_registry.obj
 0001:0001d8b0       _ssSetOutputPortReusableFcn 000000018001e8b0 f   trackingSim_sfun_registry.obj
 0001:0001d990       ssGetDTypeIdFromMxArray    000000018001e990 f   trackingSim_sfun_registry.obj
 0001:0001dab0       ssWriteRTWStr              000000018001eab0 f   trackingSim_sfun_registry.obj
 0001:0001db10       ssWriteRTWMxVectParam      000000018001eb10 f   trackingSim_sfun_registry.obj
 0001:0001db70       ssWriteRTWMx2dMatParam     000000018001eb70 f   trackingSim_sfun_registry.obj
 0001:0001dbf0       ssWriteRTWNameValuePair    000000018001ebf0 f   trackingSim_sfun_registry.obj
 0001:0001e0e0       ssWriteRTWParameters       000000018001f0e0 f   trackingSim_sfun_registry.obj
 0001:0001e6e0       ssWriteRTWParamSettings    000000018001f6e0 f   trackingSim_sfun_registry.obj
 0001:0001edb0       ssWriteRTWWorkVect         000000018001fdb0 f   trackingSim_sfun_registry.obj
 0001:0001f2b0       mexFunction                00000001800202b0 f   trackingSim_sfun_registry.obj
 0001:00021ac0       ProcessMexSfunctionEveryCall 0000000180022ac0 f   trackingSim_sfun_registry.obj
 0001:00021c56       drotg                      0000000180022c56 f   libmwblas:libmwblas.dll
 0001:00021c5c       sf_debug_set_machine_data_thresholds 0000000180022c5c f   sf_runtime:sf_runtime.dll
 0001:00021c62       sf_debug_set_machine_event_thresholds 0000000180022c62 f   sf_runtime:sf_runtime.dll
 0001:00021c68       sf_debug_initialize_machine 0000000180022c68 f   sf_runtime:sf_runtime.dll
 0001:00021c6e       sf_load_rtw_optimization_info 0000000180022c6e f   sf_runtime:sf_runtime.dll
 0001:00021c74       sf_mex_error_message       0000000180022c74 f   sf_runtime:sf_runtime.dll
 0001:00021c7a       sf_get_chart_instance_ptr  0000000180022c7a f   sf_runtime:sf_runtime.dll
 0001:00021c80       sf_set_rtw_dwork_info      0000000180022c80 f   sf_runtime:sf_runtime.dll
 0001:00021c86       sf_mark_chart_reusable_outputs 0000000180022c86 f   sf_runtime:sf_runtime.dll
 0001:00021c8c       sf_mark_chart_expressionable_inputs 0000000180022c8c f   sf_runtime:sf_runtime.dll
 0001:00021c92       sf_update_buildInfo        0000000180022c92 f   sf_runtime:sf_runtime.dll
 0001:00021c98       sf_set_chart_accesses_machine_info 0000000180022c98 f   sf_runtime:sf_runtime.dll
 0001:00021c9e       sf_rtw_info_uint_prop      0000000180022c9e f   sf_runtime:sf_runtime.dll
 0001:00021ca4       sf_is_chart_inlinable      0000000180022ca4 f   sf_runtime:sf_runtime.dll
 0001:00021caa       sim_mode_is_modelref_sim   0000000180022caa f   sf_runtime:sf_runtime.dll
 0001:00021cb0       sim_mode_is_external       0000000180022cb0 f   sf_runtime:sf_runtime.dll
 0001:00021cb6       sim_mode_is_rtw_gen        0000000180022cb6 f   sf_runtime:sf_runtime.dll
 0001:00021cbc       sf_init_ChartRunTimeInfo   0000000180022cbc f   sf_runtime:sf_runtime.dll
 0001:00021cc2       ssGetOutputPortSignal_wrapper 0000000180022cc2 f   sf_runtime:sf_runtime.dll
 0001:00021cc8       ssGetInputPortSignal_wrapper 0000000180022cc8 f   sf_runtime:sf_runtime.dll
 0001:00021cce       sf_mex_decode_encoded_mx_struct_array 0000000180022cce f   sf_runtime:sf_runtime.dll
 0001:00021cd4       sf_debug_reset_current_state_configuration 0000000180022cd4 f   sf_runtime:sf_runtime.dll
 0001:00021cda       sf_debug_set_chart_data_compiled_props 0000000180022cda f   sf_runtime:sf_runtime.dll
 0001:00021ce0       cv_script_init_fcn         0000000180022ce0 f   sf_runtime:sf_runtime.dll
 0001:00021ce6       cv_script_init_script      0000000180022ce6 f   sf_runtime:sf_runtime.dll
 0001:00021cec       cv_eml_init_fcn            0000000180022cec f   sf_runtime:sf_runtime.dll
 0001:00021cf2       cv_eml_init_script         0000000180022cf2 f   sf_runtime:sf_runtime.dll
 0001:00021cf8       sf_debug_cv_init_trans     0000000180022cf8 f   sf_runtime:sf_runtime.dll
 0001:00021cfe       sf_debug_cv_init_state     0000000180022cfe f   sf_runtime:sf_runtime.dll
 0001:00021d04       sf_debug_cv_init_chart     0000000180022d04 f   sf_runtime:sf_runtime.dll
 0001:00021d0a       sf_debug_set_chart_decomposition 0000000180022d0a f   sf_runtime:sf_runtime.dll
 0001:00021d10       sf_debug_set_chart_substate_count 0000000180022d10 f   sf_runtime:sf_runtime.dll
 0001:00021d16       sf_debug_set_chart_state_info 0000000180022d16 f   sf_runtime:sf_runtime.dll
 0001:00021d1c       sf_debug_set_chart_data_props 0000000180022d1c f   sf_runtime:sf_runtime.dll
 0001:00021d22       sf_debug_set_chart_event_thresholds 0000000180022d22 f   sf_runtime:sf_runtime.dll
 0001:00021d28       sf_debug_set_chart_disable_implicit_casting 0000000180022d28 f   sf_runtime:sf_runtime.dll
 0001:00021d2e       sf_debug_initialize_chart  0000000180022d2e f   sf_runtime:sf_runtime.dll
 0001:00021d34       sf_debug_set_script_translation 0000000180022d34 f   sf_runtime:sf_runtime.dll
 0001:00021d3a       sf_debug_get_script_id     0000000180022d3a f   sf_runtime:sf_runtime.dll
 0001:00021d40       sf_mex_assign              0000000180022d40 f   sf_runtime:sf_runtime.dll
 0001:00021d46       sf_mex_create              0000000180022d46 f   sf_runtime:sf_runtime.dll
 0001:00021d4c       sf_mex_destroy             0000000180022d4c f   sf_runtime:sf_runtime.dll
 0001:00021d52       sf_mex_dup                 0000000180022d52 f   sf_runtime:sf_runtime.dll
 0001:00021d58       sf_mex_import              0000000180022d58 f   sf_runtime:sf_runtime.dll
 0001:00021d5e       sf_get_time                0000000180022d5e f   sf_runtime:sf_runtime.dll
 0001:00021d64       sf_is_first_init_cond      0000000180022d64 f   sf_runtime:sf_runtime.dll
 0001:00021d6a       sf_debug_set_instance_data_value_ptr 0000000180022d6a f   sf_runtime:sf_runtime.dll
 0001:00021d70       sf_debug_check_for_state_inconsistency 0000000180022d70 f   sf_runtime:sf_runtime.dll
 0001:00021d76       sf_debug_symbol_scope_pop  0000000180022d76 f   sf_runtime:sf_runtime.dll
 0001:00021d7c       sf_mex_call_debug          0000000180022d7c f   sf_runtime:sf_runtime.dll
 0001:00021d82       sf_mex_printf              0000000180022d82 f   sf_runtime:sf_runtime.dll
 0001:00021d88       eml_debug_line_call        0000000180022d88 f   sf_runtime:sf_runtime.dll
 0001:00021d8e       cv_eml_eval                0000000180022d8e f   sf_runtime:sf_runtime.dll
 0001:00021d94       sf_debug_symbol_scope_add_eml 0000000180022d94 f   sf_runtime:sf_runtime.dll
 0001:00021d9a       sf_debug_symbol_scope_add_eml_importable 0000000180022d9a f   sf_runtime:sf_runtime.dll
 0001:00021da0       sf_debug_symbol_scope_push_eml 0000000180022da0 f   sf_runtime:sf_runtime.dll
 0001:00021da6       sf_debug_data_range_wrapper 0000000180022da6 f   sf_runtime:sf_runtime.dll
 0001:00021dac       sf_debug_call              0000000180022dac f   sf_runtime:sf_runtime.dll
 0001:00021db2       sf_debug_symbol_scope_push 0000000180022db2 f   sf_runtime:sf_runtime.dll
 0001:00021db8       cv_script_eval             0000000180022db8 f   sf_runtime:sf_runtime.dll
 0001:00021dbe       sf_mex_setcell             0000000180022dbe f   sf_runtime:sf_runtime.dll
 0001:00021dc4       sf_mex_createcellmatrix    0000000180022dc4 f   sf_runtime:sf_runtime.dll
 0001:00021dca       sf_mex_getcell             0000000180022dca f   sf_runtime:sf_runtime.dll
 0001:00021dd0       sf_free_ChartRunTimeInfo   0000000180022dd0 f   sf_runtime:sf_runtime.dll
 0001:00021dd6       sf_clear_rtw_identifier    0000000180022dd6 f   sf_runtime:sf_runtime.dll
 0001:00021ddc       sf_debug_terminate         0000000180022ddc f   sf_runtime:sf_runtime.dll
 0001:00021de2       sf_debug_create_debug_instance_struct 0000000180022de2 f   sf_runtime:sf_runtime.dll
 0001:00021de8       sf_get_ChartInfoStruct_CodeGen 0000000180022de8 f   sf_runtime:sf_runtime.dll
 0001:00021dee       sf_debug_api               0000000180022dee f   sf_runtime:sf_runtime.dll
 0001:00021df4       callMdlMethodAndReportError 0000000180022df4 f   sf_runtime:sf_runtime.dll
 0001:00021dfa       sf_set_compiledInfo        0000000180022dfa f   sf_runtime:sf_runtime.dll
 0001:00021e00       call_sf_machine_global_method_dispatcher 0000000180022e00 f   sf_runtime:sf_runtime.dll
 0001:00021e06       sf_clear_error_manager_info 0000000180022e06 f   sf_runtime:sf_runtime.dll
 0001:00021e0c       sf_mex_error_direct_call   0000000180022e0c f   sf_runtime:sf_runtime.dll
 0001:00021e12       sf_get_isEnhancedMooreMachine 0000000180022e12 f   sf_runtime:sf_runtime.dll
 0001:00021e18       mxGetScalar                0000000180022e18 f   libmx:libmx.dll
 0001:00021e1e       mxGetPr                    0000000180022e1e f   libmx:libmx.dll
 0001:00021e24       mxCreateDoubleMatrix_730   0000000180022e24 f   libmx:libmx.dll
 0001:00021e2a       mxGetString_730            0000000180022e2a f   libmx:libmx.dll
 0001:00021e30       mxIsChar                   0000000180022e30 f   libmx:libmx.dll
 0001:00021e36       mxDestroyArray             0000000180022e36 f   libmx:libmx.dll
 0001:00021e3c       mxDuplicateArray           0000000180022e3c f   libmx:libmx.dll
 0001:00021e42       mxCreateDoubleScalar       0000000180022e42 f   libmx:libmx.dll
 0001:00021e48       mxSetField_730             0000000180022e48 f   libmx:libmx.dll
 0001:00021e4e       mxCreateString             0000000180022e4e f   libmx:libmx.dll
 0001:00021e54       mxCreateStructMatrix_730   0000000180022e54 f   libmx:libmx.dll
 0001:00021e5a       mxSetCell_730              0000000180022e5a f   libmx:libmx.dll
 0001:00021e60       mxCreateCellMatrix_730     0000000180022e60 f   libmx:libmx.dll
 0001:00021e66       mxCreateCellArray_730      0000000180022e66 f   libmx:libmx.dll
 0001:00021e6c       mxCreateStructArray_730    0000000180022e6c f   libmx:libmx.dll
 0001:00021e72       mxGetNaN                   0000000180022e72 f   libmx:libmx.dll
 0001:00021e78       mxGetClassID               0000000180022e78 f   libmx:libmx.dll
 0001:00021e7e       mxIsNumeric                0000000180022e7e f   libmx:libmx.dll
 0001:00021e84       mxIsComplex                0000000180022e84 f   libmx:libmx.dll
 0001:00021e8a       mxGetN                     0000000180022e8a f   libmx:libmx.dll
 0001:00021e90       mxGetM                     0000000180022e90 f   libmx:libmx.dll
 0001:00021e96       mxCalloc                   0000000180022e96 f   libmx:libmx.dll
 0001:00021e9c       mexMakeArrayPersistent     0000000180022e9c f   libmex:libmex.dll
 0001:00021ea2       mexUnlock                  0000000180022ea2 f   libmex:libmex.dll
 0001:00021ea8       mexIsLocked                0000000180022ea8 f   libmex:libmex.dll
 0001:00021eae       mexWarnMsgTxt              0000000180022eae f   libmex:libmex.dll
 0001:00021eb4       mexCallMATLABWithObject    0000000180022eb4 f   libmex:libmex.dll
 0001:00021eba       mexErrMsgTxt               0000000180022eba f   libmex:libmex.dll
 0001:00021ec0       mexLock                    0000000180022ec0 f   libmex:libmex.dll
 0001:00021ec6       utMalloc                   0000000180022ec6 f   libut:libut.dll
 0001:00021ecc       utFree                     0000000180022ecc f   libut:libut.dll
 0001:00021ed2       muDoubleScalarIsNaN        0000000180022ed2 f   libmwmathutil:libmwmathutil.dll
 0001:00021ed8       muDoubleScalarIsInf        0000000180022ed8 f   libmwmathutil:libmwmathutil.dll
 0001:00021ede       muDoubleScalarMax          0000000180022ede f   libmwmathutil:libmwmathutil.dll
 0001:00021ee4       muDoubleScalarSqrt         0000000180022ee4 f   libmwmathutil:libmwmathutil.dll
 0001:00021eea       muDoubleScalarAbs          0000000180022eea f   libmwmathutil:libmwmathutil.dll
 0001:00021ef0       muDoubleScalarCos          0000000180022ef0 f   libmwmathutil:libmwmathutil.dll
 0001:00021ef6       muDoubleScalarSin          0000000180022ef6 f   libmwmathutil:libmwmathutil.dll
 0001:00021efc       emlrtNameCaptureMxArrayR2016a 0000000180022efc f   libemlrt:libemlrt.dll
 0001:00021f04       __GSHandlerCheckCommon     0000000180022f04 f   MSVCRT:gshandler.obj
 0001:00021f68       __GSHandlerCheck           0000000180022f68 f   MSVCRT:gshandler.obj
 0001:00021f86       strcmp                     0000000180022f86 f   MSVCRT:MSVCR100.dll
 0001:00021fa0       __security_check_cookie    0000000180022fa0 f   MSVCRT:amdsecgs.obj
 0001:00021fc0       memset                     0000000180022fc0 f   MSVCRT:MSVCR100.dll
 0001:00021fc6       ldexp                      0000000180022fc6 f   MSVCRT:MSVCR100.dll
 0001:00021fcc       frexp                      0000000180022fcc f   MSVCRT:MSVCR100.dll
 0001:00021ff0       _alloca_probe              0000000180022ff0     MSVCRT:chkstk.obj
 0001:00021ff0       __chkstk                   0000000180022ff0 f   MSVCRT:chkstk.obj
 0001:0002203e       free                       000000018002303e f   MSVCRT:MSVCR100.dll
 0001:00022044       sprintf                    0000000180023044 f   MSVCRT:MSVCR100.dll
 0001:0002204a       malloc                     000000018002304a f   MSVCRT:MSVCR100.dll
 0001:00022050       strlen                     0000000180023050 f   MSVCRT:MSVCR100.dll
 0001:00022056       strcat                     0000000180023056 f   MSVCRT:MSVCR100.dll
 0001:0002205c       memcpy                     000000018002305c f   MSVCRT:MSVCR100.dll
 0001:00022064       NtCurrentTeb               0000000180023064 f i MSVCRT:crtdll.obj
 0001:000220d0       _CRT_INIT                  00000001800230d0 f   MSVCRT:crtdll.obj
 0001:00022468       _DllMainCRTStartup         0000000180023468 f   MSVCRT:crtdll.obj
 0001:000224a8       __report_gsfailure         00000001800234a8 f   MSVCRT:gs_report.obj
 0001:000225f4       __clean_type_info_names    00000001800235f4 f   MSVCRT:tncleanup.obj
 0001:00022600       _onexit                    0000000180023600 f   MSVCRT:atonexit.obj
 0001:000226b0       atexit                     00000001800236b0 f   MSVCRT:atonexit.obj
 0001:000226c8       _RTC_Initialize            00000001800236c8 f   MSVCRT:_initsect_.obj
 0001:00022700       _RTC_Terminate             0000000180023700 f   MSVCRT:_initsect_.obj
 0001:00022738       _malloc_crt                0000000180023738 f   MSVCRT:MSVCR100.dll
 0001:00022740       _ValidateImageBase         0000000180023740 f   MSVCRT:pesect.obj
 0001:00022770       _FindPESection             0000000180023770 f   MSVCRT:pesect.obj
 0001:000227c0       _IsNonwritableInCurrentImage 00000001800237c0 f   MSVCRT:pesect.obj
 0001:00022802       _initterm                  0000000180023802 f   MSVCRT:MSVCR100.dll
 0001:00022808       _initterm_e                0000000180023808 f   MSVCRT:MSVCR100.dll
 0001:0002280e       _encoded_null              000000018002380e f   MSVCRT:MSVCR100.dll
 0001:00022814       _amsg_exit                 0000000180023814 f   MSVCRT:MSVCR100.dll
 0001:0002281a       __C_specific_handler       000000018002381a f   MSVCRT:MSVCR100.dll
 0001:00022820       __CppXcptFilter            0000000180023820 f   MSVCRT:MSVCR100.dll
 0001:00022828       DllMain                    0000000180023828 f   MSVCRT:dllmain.obj
 0001:0002284c       __security_init_cookie     000000018002384c f   MSVCRT:gs_support.obj
 0001:00022900       __crt_debugger_hook        0000000180023900 f   MSVCRT:MSVCR100.dll
 0001:00022906       __clean_type_info_names_internal 0000000180023906 f   MSVCRT:MSVCR100.dll
 0001:0002290c       _unlock                    000000018002390c f   MSVCRT:MSVCR100.dll
 0001:00022912       __dllonexit                0000000180023912 f   MSVCRT:MSVCR100.dll
 0001:00022918       _lock                      0000000180023918 f   MSVCRT:MSVCR100.dll
 0001:0002291e       EncodePointer              000000018002391e f   kernel32:KERNEL32.dll
 0001:00022924       DecodePointer              0000000180023924 f   kernel32:KERNEL32.dll
 0001:0002292a       Sleep                      000000018002392a f   kernel32:KERNEL32.dll
 0001:00022930       TerminateProcess           0000000180023930 f   kernel32:KERNEL32.dll
 0001:00022936       GetCurrentProcess          0000000180023936 f   kernel32:KERNEL32.dll
 0001:0002293c       UnhandledExceptionFilter   000000018002393c f   kernel32:KERNEL32.dll
 0001:00022942       SetUnhandledExceptionFilter 0000000180023942 f   kernel32:KERNEL32.dll
 0001:00022948       IsDebuggerPresent          0000000180023948 f   kernel32:KERNEL32.dll
 0001:0002294e       RtlVirtualUnwind           000000018002394e f   kernel32:KERNEL32.dll
 0001:00022954       RtlLookupFunctionEntry     0000000180023954 f   kernel32:KERNEL32.dll
 0001:0002295a       RtlCaptureContext          000000018002395a f   kernel32:KERNEL32.dll
 0001:00022960       DisableThreadLibraryCalls  0000000180023960 f   kernel32:KERNEL32.dll
 0001:00022966       QueryPerformanceCounter    0000000180023966 f   kernel32:KERNEL32.dll
 0001:0002296c       GetTickCount               000000018002396c f   kernel32:KERNEL32.dll
 0001:00022972       GetCurrentThreadId         0000000180023972 f   kernel32:KERNEL32.dll
 0001:00022978       GetCurrentProcessId        0000000180023978 f   kernel32:KERNEL32.dll
 0001:0002297e       GetSystemTimeAsFileTime    000000018002397e f   kernel32:KERNEL32.dll
 0002:00000000       __imp_DecodePointer        0000000180024000     kernel32:KERNEL32.dll
 0002:00000008       __imp_GetSystemTimeAsFileTime 0000000180024008     kernel32:KERNEL32.dll
 0002:00000010       __imp_GetCurrentProcessId  0000000180024010     kernel32:KERNEL32.dll
 0002:00000018       __imp_GetCurrentThreadId   0000000180024018     kernel32:KERNEL32.dll
 0002:00000020       __imp_GetTickCount         0000000180024020     kernel32:KERNEL32.dll
 0002:00000028       __imp_QueryPerformanceCounter 0000000180024028     kernel32:KERNEL32.dll
 0002:00000030       __imp_DisableThreadLibraryCalls 0000000180024030     kernel32:KERNEL32.dll
 0002:00000038       __imp_RtlCaptureContext    0000000180024038     kernel32:KERNEL32.dll
 0002:00000040       __imp_RtlLookupFunctionEntry 0000000180024040     kernel32:KERNEL32.dll
 0002:00000048       __imp_RtlVirtualUnwind     0000000180024048     kernel32:KERNEL32.dll
 0002:00000050       __imp_IsDebuggerPresent    0000000180024050     kernel32:KERNEL32.dll
 0002:00000058       __imp_SetUnhandledExceptionFilter 0000000180024058     kernel32:KERNEL32.dll
 0002:00000060       __imp_UnhandledExceptionFilter 0000000180024060     kernel32:KERNEL32.dll
 0002:00000068       __imp_GetCurrentProcess    0000000180024068     kernel32:KERNEL32.dll
 0002:00000070       __imp_TerminateProcess     0000000180024070     kernel32:KERNEL32.dll
 0002:00000078       __imp_Sleep                0000000180024078     kernel32:KERNEL32.dll
 0002:00000080       __imp_EncodePointer        0000000180024080     kernel32:KERNEL32.dll
 0002:00000088       \177KERNEL32_NULL_THUNK_DATA 0000000180024088     kernel32:KERNEL32.dll
 0002:00000090       __imp_strcmp               0000000180024090     MSVCRT:MSVCR100.dll
 0002:00000098       __imp__onexit              0000000180024098     MSVCRT:MSVCR100.dll
 0002:000000a0       __imp__lock                00000001800240a0     MSVCRT:MSVCR100.dll
 0002:000000a8       __imp___dllonexit          00000001800240a8     MSVCRT:MSVCR100.dll
 0002:000000b0       __imp__unlock              00000001800240b0     MSVCRT:MSVCR100.dll
 0002:000000b8       __imp___clean_type_info_names_internal 00000001800240b8     MSVCRT:MSVCR100.dll
 0002:000000c0       __imp___crt_debugger_hook  00000001800240c0     MSVCRT:MSVCR100.dll
 0002:000000c8       __imp___CppXcptFilter      00000001800240c8     MSVCRT:MSVCR100.dll
 0002:000000d0       __imp___C_specific_handler 00000001800240d0     MSVCRT:MSVCR100.dll
 0002:000000d8       __imp__amsg_exit           00000001800240d8     MSVCRT:MSVCR100.dll
 0002:000000e0       __imp__encoded_null        00000001800240e0     MSVCRT:MSVCR100.dll
 0002:000000e8       __imp__initterm_e          00000001800240e8     MSVCRT:MSVCR100.dll
 0002:000000f0       __imp__initterm            00000001800240f0     MSVCRT:MSVCR100.dll
 0002:000000f8       __imp__malloc_crt          00000001800240f8     MSVCRT:MSVCR100.dll
 0002:00000100       __imp_memcpy               0000000180024100     MSVCRT:MSVCR100.dll
 0002:00000108       __imp_strcat               0000000180024108     MSVCRT:MSVCR100.dll
 0002:00000110       __imp_strlen               0000000180024110     MSVCRT:MSVCR100.dll
 0002:00000118       __imp_malloc               0000000180024118     MSVCRT:MSVCR100.dll
 0002:00000120       __imp_sprintf              0000000180024120     MSVCRT:MSVCR100.dll
 0002:00000128       __imp_free                 0000000180024128     MSVCRT:MSVCR100.dll
 0002:00000130       __imp_frexp                0000000180024130     MSVCRT:MSVCR100.dll
 0002:00000138       __imp_ldexp                0000000180024138     MSVCRT:MSVCR100.dll
 0002:00000140       __imp_memset               0000000180024140     MSVCRT:MSVCR100.dll
 0002:00000148       \177MSVCR100_NULL_THUNK_DATA 0000000180024148     MSVCRT:MSVCR100.dll
 0002:00000150       __imp_emlrtNameCaptureMxArrayR2016a 0000000180024150     libemlrt:libemlrt.dll
 0002:00000158       \177libemlrt_NULL_THUNK_DATA 0000000180024158     libemlrt:libemlrt.dll
 0002:00000160       __imp_mexErrMsgTxt         0000000180024160     libmex:libmex.dll
 0002:00000168       __imp_mexLock              0000000180024168     libmex:libmex.dll
 0002:00000170       __imp_mexMakeArrayPersistent 0000000180024170     libmex:libmex.dll
 0002:00000178       __imp_mexCallMATLABWithObject 0000000180024178     libmex:libmex.dll
 0002:00000180       __imp_mexWarnMsgTxt        0000000180024180     libmex:libmex.dll
 0002:00000188       __imp_mexIsLocked          0000000180024188     libmex:libmex.dll
 0002:00000190       __imp_mexUnlock            0000000180024190     libmex:libmex.dll
 0002:00000198       \177libmex_NULL_THUNK_DATA 0000000180024198     libmex:libmex.dll
 0002:000001a0       __imp_drotg                00000001800241a0     libmwblas:libmwblas.dll
 0002:000001a8       \177libmwblas_NULL_THUNK_DATA 00000001800241a8     libmwblas:libmwblas.dll
 0002:000001b0       __imp_muDoubleScalarAbs    00000001800241b0     libmwmathutil:libmwmathutil.dll
 0002:000001b8       __imp_muDoubleScalarSin    00000001800241b8     libmwmathutil:libmwmathutil.dll
 0002:000001c0       __imp_muDoubleScalarCos    00000001800241c0     libmwmathutil:libmwmathutil.dll
 0002:000001c8       __imp_muDoubleScalarIsNaN  00000001800241c8     libmwmathutil:libmwmathutil.dll
 0002:000001d0       __imp_muDoubleScalarSqrt   00000001800241d0     libmwmathutil:libmwmathutil.dll
 0002:000001d8       __imp_muDoubleScalarMax    00000001800241d8     libmwmathutil:libmwmathutil.dll
 0002:000001e0       __imp_muDoubleScalarIsInf  00000001800241e0     libmwmathutil:libmwmathutil.dll
 0002:000001e8       \177libmwmathutil_NULL_THUNK_DATA 00000001800241e8     libmwmathutil:libmwmathutil.dll
 0002:000001f0       __imp_mxIsChar             00000001800241f0     libmx:libmx.dll
 0002:000001f8       __imp_mxCreateString       00000001800241f8     libmx:libmx.dll
 0002:00000200       __imp_mxSetField_730       0000000180024200     libmx:libmx.dll
 0002:00000208       __imp_mxCreateDoubleScalar 0000000180024208     libmx:libmx.dll
 0002:00000210       __imp_mxCalloc             0000000180024210     libmx:libmx.dll
 0002:00000218       __imp_mxGetM               0000000180024218     libmx:libmx.dll
 0002:00000220       __imp_mxGetN               0000000180024220     libmx:libmx.dll
 0002:00000228       __imp_mxIsComplex          0000000180024228     libmx:libmx.dll
 0002:00000230       __imp_mxIsNumeric          0000000180024230     libmx:libmx.dll
 0002:00000238       __imp_mxGetClassID         0000000180024238     libmx:libmx.dll
 0002:00000240       __imp_mxGetNaN             0000000180024240     libmx:libmx.dll
 0002:00000248       __imp_mxCreateStructArray_730 0000000180024248     libmx:libmx.dll
 0002:00000250       __imp_mxCreateCellArray_730 0000000180024250     libmx:libmx.dll
 0002:00000258       __imp_mxCreateCellMatrix_730 0000000180024258     libmx:libmx.dll
 0002:00000260       __imp_mxGetScalar          0000000180024260     libmx:libmx.dll
 0002:00000268       __imp_mxGetPr              0000000180024268     libmx:libmx.dll
 0002:00000270       __imp_mxCreateDoubleMatrix_730 0000000180024270     libmx:libmx.dll
 0002:00000278       __imp_mxGetString_730      0000000180024278     libmx:libmx.dll
 0002:00000280       __imp_mxSetCell_730        0000000180024280     libmx:libmx.dll
 0002:00000288       __imp_mxDestroyArray       0000000180024288     libmx:libmx.dll
 0002:00000290       __imp_mxDuplicateArray     0000000180024290     libmx:libmx.dll
 0002:00000298       __imp_mxCreateStructMatrix_730 0000000180024298     libmx:libmx.dll
 0002:000002a0       \177libmx_NULL_THUNK_DATA  00000001800242a0     libmx:libmx.dll
 0002:000002a8       __imp_utFree               00000001800242a8     libut:libut.dll
 0002:000002b0       __imp_utMalloc             00000001800242b0     libut:libut.dll
 0002:000002b8       \177libut_NULL_THUNK_DATA  00000001800242b8     libut:libut.dll
 0002:000002c0       __imp_cv_eml_eval          00000001800242c0     sf_runtime:sf_runtime.dll
 0002:000002c8       __imp_sf_get_isEnhancedMooreMachine 00000001800242c8     sf_runtime:sf_runtime.dll
 0002:000002d0       __imp_sf_mex_error_direct_call 00000001800242d0     sf_runtime:sf_runtime.dll
 0002:000002d8       __imp_sf_clear_error_manager_info 00000001800242d8     sf_runtime:sf_runtime.dll
 0002:000002e0       __imp_call_sf_machine_global_method_dispatcher 00000001800242e0     sf_runtime:sf_runtime.dll
 0002:000002e8       __imp_sf_set_compiledInfo  00000001800242e8     sf_runtime:sf_runtime.dll
 0002:000002f0       __imp_callMdlMethodAndReportError 00000001800242f0     sf_runtime:sf_runtime.dll
 0002:000002f8       __imp_sf_debug_api         00000001800242f8     sf_runtime:sf_runtime.dll
 0002:00000300       __imp_sf_get_ChartInfoStruct_CodeGen 0000000180024300     sf_runtime:sf_runtime.dll
 0002:00000308       __imp_sf_debug_create_debug_instance_struct 0000000180024308     sf_runtime:sf_runtime.dll
 0002:00000310       __imp_sf_debug_terminate   0000000180024310     sf_runtime:sf_runtime.dll
 0002:00000318       __imp_eml_debug_line_call  0000000180024318     sf_runtime:sf_runtime.dll
 0002:00000320       __imp_sf_mex_printf        0000000180024320     sf_runtime:sf_runtime.dll
 0002:00000328       __imp_sf_mex_call_debug    0000000180024328     sf_runtime:sf_runtime.dll
 0002:00000330       __imp_sf_debug_symbol_scope_pop 0000000180024330     sf_runtime:sf_runtime.dll
 0002:00000338       __imp_sf_debug_check_for_state_inconsistency 0000000180024338     sf_runtime:sf_runtime.dll
 0002:00000340       __imp_sf_debug_set_instance_data_value_ptr 0000000180024340     sf_runtime:sf_runtime.dll
 0002:00000348       __imp_sf_is_first_init_cond 0000000180024348     sf_runtime:sf_runtime.dll
 0002:00000350       __imp_sf_get_time          0000000180024350     sf_runtime:sf_runtime.dll
 0002:00000358       __imp_sf_clear_rtw_identifier 0000000180024358     sf_runtime:sf_runtime.dll
 0002:00000360       __imp_sf_free_ChartRunTimeInfo 0000000180024360     sf_runtime:sf_runtime.dll
 0002:00000368       __imp_sf_mex_getcell       0000000180024368     sf_runtime:sf_runtime.dll
 0002:00000370       __imp_sf_mex_createcellmatrix 0000000180024370     sf_runtime:sf_runtime.dll
 0002:00000378       __imp_sf_mex_setcell       0000000180024378     sf_runtime:sf_runtime.dll
 0002:00000380       __imp_cv_script_eval       0000000180024380     sf_runtime:sf_runtime.dll
 0002:00000388       __imp_sf_debug_symbol_scope_push 0000000180024388     sf_runtime:sf_runtime.dll
 0002:00000390       __imp_sf_debug_call        0000000180024390     sf_runtime:sf_runtime.dll
 0002:00000398       __imp_sf_debug_data_range_wrapper 0000000180024398     sf_runtime:sf_runtime.dll
 0002:000003a0       __imp_sf_debug_symbol_scope_push_eml 00000001800243a0     sf_runtime:sf_runtime.dll
 0002:000003a8       __imp_sf_debug_symbol_scope_add_eml_importable 00000001800243a8     sf_runtime:sf_runtime.dll
 0002:000003b0       __imp_sf_mex_import        00000001800243b0     sf_runtime:sf_runtime.dll
 0002:000003b8       __imp_sf_mex_dup           00000001800243b8     sf_runtime:sf_runtime.dll
 0002:000003c0       __imp_sf_mex_destroy       00000001800243c0     sf_runtime:sf_runtime.dll
 0002:000003c8       __imp_sf_mex_create        00000001800243c8     sf_runtime:sf_runtime.dll
 0002:000003d0       __imp_sf_mex_assign        00000001800243d0     sf_runtime:sf_runtime.dll
 0002:000003d8       __imp_sf_debug_get_script_id 00000001800243d8     sf_runtime:sf_runtime.dll
 0002:000003e0       __imp_sf_debug_set_script_translation 00000001800243e0     sf_runtime:sf_runtime.dll
 0002:000003e8       __imp_sf_debug_initialize_chart 00000001800243e8     sf_runtime:sf_runtime.dll
 0002:000003f0       __imp_sf_debug_set_chart_disable_implicit_casting 00000001800243f0     sf_runtime:sf_runtime.dll
 0002:000003f8       __imp_sf_debug_set_chart_event_thresholds 00000001800243f8     sf_runtime:sf_runtime.dll
 0002:00000400       __imp_sf_debug_set_chart_data_props 0000000180024400     sf_runtime:sf_runtime.dll
 0002:00000408       __imp_sf_debug_set_chart_state_info 0000000180024408     sf_runtime:sf_runtime.dll
 0002:00000410       __imp_sf_debug_set_chart_substate_count 0000000180024410     sf_runtime:sf_runtime.dll
 0002:00000418       __imp_sf_debug_set_chart_decomposition 0000000180024418     sf_runtime:sf_runtime.dll
 0002:00000420       __imp_sf_debug_cv_init_chart 0000000180024420     sf_runtime:sf_runtime.dll
 0002:00000428       __imp_sf_debug_cv_init_state 0000000180024428     sf_runtime:sf_runtime.dll
 0002:00000430       __imp_sf_debug_cv_init_trans 0000000180024430     sf_runtime:sf_runtime.dll
 0002:00000438       __imp_cv_eml_init_script   0000000180024438     sf_runtime:sf_runtime.dll
 0002:00000440       __imp_cv_eml_init_fcn      0000000180024440     sf_runtime:sf_runtime.dll
 0002:00000448       __imp_cv_script_init_script 0000000180024448     sf_runtime:sf_runtime.dll
 0002:00000450       __imp_cv_script_init_fcn   0000000180024450     sf_runtime:sf_runtime.dll
 0002:00000458       __imp_sf_debug_set_chart_data_compiled_props 0000000180024458     sf_runtime:sf_runtime.dll
 0002:00000460       __imp_sf_debug_reset_current_state_configuration 0000000180024460     sf_runtime:sf_runtime.dll
 0002:00000468       __imp_sf_mex_decode_encoded_mx_struct_array 0000000180024468     sf_runtime:sf_runtime.dll
 0002:00000470       __imp_ssGetInputPortSignal_wrapper 0000000180024470     sf_runtime:sf_runtime.dll
 0002:00000478       __imp_ssGetOutputPortSignal_wrapper 0000000180024478     sf_runtime:sf_runtime.dll
 0002:00000480       __imp_sf_init_ChartRunTimeInfo 0000000180024480     sf_runtime:sf_runtime.dll
 0002:00000488       __imp_sim_mode_is_rtw_gen  0000000180024488     sf_runtime:sf_runtime.dll
 0002:00000490       __imp_sim_mode_is_external 0000000180024490     sf_runtime:sf_runtime.dll
 0002:00000498       __imp_sim_mode_is_modelref_sim 0000000180024498     sf_runtime:sf_runtime.dll
 0002:000004a0       __imp_sf_is_chart_inlinable 00000001800244a0     sf_runtime:sf_runtime.dll
 0002:000004a8       __imp_sf_rtw_info_uint_prop 00000001800244a8     sf_runtime:sf_runtime.dll
 0002:000004b0       __imp_sf_set_chart_accesses_machine_info 00000001800244b0     sf_runtime:sf_runtime.dll
 0002:000004b8       __imp_sf_update_buildInfo  00000001800244b8     sf_runtime:sf_runtime.dll
 0002:000004c0       __imp_sf_mark_chart_expressionable_inputs 00000001800244c0     sf_runtime:sf_runtime.dll
 0002:000004c8       __imp_sf_mark_chart_reusable_outputs 00000001800244c8     sf_runtime:sf_runtime.dll
 0002:000004d0       __imp_sf_set_rtw_dwork_info 00000001800244d0     sf_runtime:sf_runtime.dll
 0002:000004d8       __imp_sf_get_chart_instance_ptr 00000001800244d8     sf_runtime:sf_runtime.dll
 0002:000004e0       __imp_sf_mex_error_message 00000001800244e0     sf_runtime:sf_runtime.dll
 0002:000004e8       __imp_sf_load_rtw_optimization_info 00000001800244e8     sf_runtime:sf_runtime.dll
 0002:000004f0       __imp_sf_debug_initialize_machine 00000001800244f0     sf_runtime:sf_runtime.dll
 0002:000004f8       __imp_sf_debug_set_machine_event_thresholds 00000001800244f8     sf_runtime:sf_runtime.dll
 0002:00000500       __imp_sf_debug_set_machine_data_thresholds 0000000180024500     sf_runtime:sf_runtime.dll
 0002:00000508       __imp_sf_debug_symbol_scope_add_eml 0000000180024508     sf_runtime:sf_runtime.dll
 0002:00000510       \177sf_runtime_NULL_THUNK_DATA 0000000180024510     sf_runtime:sf_runtime.dll
 0002:00000518       __xc_a                     0000000180024518     MSVCRT:cinitexe.obj
 0002:00000520       __xc_z                     0000000180024520     MSVCRT:cinitexe.obj
 0002:00000528       __xi_a                     0000000180024528     MSVCRT:cinitexe.obj
 0002:00000538       __xi_z                     0000000180024538     MSVCRT:cinitexe.obj
 0002:00000540       __real@41d2150693c00000    0000000180024540     trackingSim_sfun.obj
 0002:00000548       __real@41eadb8ebee00000    0000000180024548     trackingSim_sfun.obj
 0002:00000550       __real@41db234680c00000    0000000180024550     trackingSim_sfun.obj
 0002:00000558       __real@41caf1b94c800000    0000000180024558     trackingSim_sfun.obj
 0002:00000560       __real@41da91fd70400000    0000000180024560     trackingSim_sfun.obj
 0002:00000568       __real@41e1575dbcc00000    0000000180024568     trackingSim_sfun.obj
 0002:00000570       __real@41db9ba3aac00000    0000000180024570     trackingSim_sfun.obj
 0002:00000578       __real@41e03505f3800000    0000000180024578     trackingSim_sfun.obj
 0002:00000580       __real@41ebbdedbba00000    0000000180024580     trackingSim_sfun.obj
 0002:00000588       __real@41e7da0823200000    0000000180024588     trackingSim_sfun.obj
 0002:00000590       __real@41ed300416600000    0000000180024590     trackingSim_sfun.obj
 0002:00000598       __real@41cf220373000000    0000000180024598     trackingSim_sfun.obj
 0002:000005a0       __real@41e66eaa3b600000    00000001800245a0     c1_trackingSim.obj
 0002:000005a8       __real@41edd6e24c200000    00000001800245a8     c1_trackingSim.obj
 0002:000005b0       __real@41dc6eb14d800000    00000001800245b0     c1_trackingSim.obj
 0002:000005b8       __real@41a1de133c000000    00000001800245b8     c1_trackingSim.obj
 0002:000005c0       __real@4028000000000000    00000001800245c0     c1_trackingSim.obj
 0002:000005c8       __real@4010000000000000    00000001800245c8     c1_trackingSim.obj
 0002:000005d0       __real@4008000000000000    00000001800245d0     c1_trackingSim.obj
 0002:000005d8       __real@4024000000000000    00000001800245d8     c1_trackingSim.obj
 0002:000005e0       __real@4020000000000000    00000001800245e0     c1_trackingSim.obj
 0002:000005e8       __real@3ff0000000000000    00000001800245e8     c1_trackingSim.obj
 0002:000005f0       __real@401c000000000000    00000001800245f0     c1_trackingSim.obj
 0002:000005f8       __real@0000000000000001    00000001800245f8     c1_trackingSim.obj
 0002:00000600       __real@0010000000000000    0000000180024600     c1_trackingSim.obj
 0002:00000608       __real@4000000000000000    0000000180024608     c1_trackingSim.obj
 0002:00000610       __real@4034000000000000    0000000180024610     c1_trackingSim.obj
 0002:00000618       __real@3cb0000000000000    0000000180024618     c1_trackingSim.obj
 0002:00000620       __real@4052c00000000000    0000000180024620     c1_trackingSim.obj
 0002:00000628       __real@0350000000000000    0000000180024628     c1_trackingSim.obj
 0002:00000630       __mask@@NegDouble@         0000000180024630     c1_trackingSim.obj
 0002:00000640       __real@0000000000000000    0000000180024640     c1_trackingSim.obj
 0002:00000648       __real@bff0000000000000    0000000180024648     c1_trackingSim.obj
 0002:00000650       DYNAMIC_DIMENSION_DEF      0000000180024650     trackingSim_sfun_registry.obj
 0002:00000670       _ssBadLevel2InputAccessMsg 0000000180024670     trackingSim_sfun_registry.obj
 0002:00000800       _ssBadLevel2DirectFeedMsg  0000000180024800     trackingSim_sfun_registry.obj
 0002:00000940       _ssBadLevel2DirectFeedSolutionMsg 0000000180024940     trackingSim_sfun_registry.obj
 0002:000009b0       _ssBadLevel2ZeroDirectFeedMsg 00000001800249b0     trackingSim_sfun_registry.obj
 0002:00000af0       _ssBadLevel2ZeroDirectFeedMsg2 0000000180024af0     trackingSim_sfun_registry.obj
 0002:00000bd8       __real@41602cbca0000000    0000000180024bd8     trackingSim_sfun_registry.obj
 0002:00000be0       _pRawDllMain               0000000180024be0     MSVCRT:crtdll.obj
 0002:00000be0       _pDefaultRawDllMain        0000000180024be0     MSVCRT:crtdll.obj
 0002:00000bf8       ?ProcessDetach@NativeDll@<CrtImplementationDetails>@@0IB 0000000180024bf8     MSVCRT:tncleanup.obj
 0002:00000bfc       ?ProcessAttach@NativeDll@<CrtImplementationDetails>@@0IB 0000000180024bfc     MSVCRT:tncleanup.obj
 0002:00000c00       ?ThreadAttach@NativeDll@<CrtImplementationDetails>@@0IB 0000000180024c00     MSVCRT:tncleanup.obj
 0002:00000c04       ?ThreadDetach@NativeDll@<CrtImplementationDetails>@@0IB 0000000180024c04     MSVCRT:tncleanup.obj
 0002:00000c08       ?ProcessVerifier@NativeDll@<CrtImplementationDetails>@@0IB 0000000180024c08     MSVCRT:tncleanup.obj
 0002:00000c10       __rtc_iaa                  0000000180024c10     MSVCRT:_initsect_.obj
 0002:00000c18       __rtc_izz                  0000000180024c18     MSVCRT:_initsect_.obj
 0002:00000c20       __rtc_taa                  0000000180024c20     MSVCRT:_initsect_.obj
 0002:00000c28       __rtc_tzz                  0000000180024c28     MSVCRT:_initsect_.obj
 0002:00001564       __IMPORT_DESCRIPTOR_libmwblas 0000000180025564     libmwblas:libmwblas.dll
 0002:00001578       __IMPORT_DESCRIPTOR_sf_runtime 0000000180025578     sf_runtime:sf_runtime.dll
 0002:0000158c       __IMPORT_DESCRIPTOR_libmx  000000018002558c     libmx:libmx.dll
 0002:000015a0       __IMPORT_DESCRIPTOR_libmex 00000001800255a0     libmex:libmex.dll
 0002:000015b4       __IMPORT_DESCRIPTOR_libut  00000001800255b4     libut:libut.dll
 0002:000015c8       __IMPORT_DESCRIPTOR_libmwmathutil 00000001800255c8     libmwmathutil:libmwmathutil.dll
 0002:000015dc       __IMPORT_DESCRIPTOR_libemlrt 00000001800255dc     libemlrt:libemlrt.dll
 0002:000015f0       __IMPORT_DESCRIPTOR_MSVCR100 00000001800255f0     MSVCRT:MSVCR100.dll
 0002:00001604       __IMPORT_DESCRIPTOR_KERNEL32 0000000180025604     kernel32:KERNEL32.dll
 0002:00001618       __NULL_IMPORT_DESCRIPTOR   0000000180025618     libmwblas:libmwblas.dll
 0003:00002000       DYNAMIC_DIMENSION          0000000180029000     trackingSim_sfun_registry.obj
 0003:00002c98       __security_cookie          0000000180029c98     MSVCRT:gs_cookie.obj
 0003:00002ca0       __security_cookie_complement 0000000180029ca0     MSVCRT:gs_cookie.obj
 0003:00002ca8       _fltused                   0000000180029ca8     MSVCRT:dllsupp.obj
 0003:00002cb0       __native_dllmain_reason    0000000180029cb0     MSVCRT:natstart.obj
 0003:00002cb4       __native_vcclrit_reason    0000000180029cb4     MSVCRT:natstart.obj
 0003:00002da8       sfGlobalDebugInstanceStruct 0000000180029da8     trackingSim_sfun_registry.obj
 0003:00003330       ?__type_info_root_node@@3U__type_info_node@@A 000000018002a330     MSVCRT:tncleanup.obj
 0003:00003340       _trackingSimMachineNumber_ 000000018002a340     <common>
 0003:00003344       __native_startup_state     000000018002a344     <common>
 0003:00003348       __native_startup_lock      000000018002a348     <common>
 0003:00003350       __onexitend                000000018002a350     <common>
 0003:00003358       __onexitbegin              000000018002a358     <common>
 0003:00003360       __dyn_tls_init_callback    000000018002a360     <common>

 entry point at        0001:00022468

 Static symbols

 0001:00001e00       mdlProcessParameters_c1_trackingSim 0000000180002e00 f   c1_trackingSim.obj
 0001:00001ec0       initialize_params_c1_trackingSim 0000000180002ec0 f   c1_trackingSim.obj
 0001:00001ed0       mdlSetWorkWidths_c1_trackingSim 0000000180002ed0 f   c1_trackingSim.obj
 0001:000025e0       sf_get_instance_specialization 00000001800035e0 f   c1_trackingSim.obj
 0001:000025f0       mdlStart_c1_trackingSim    00000001800035f0 f   c1_trackingSim.obj
 0001:00002840       mdl_start_c1_trackingSim   0000000180003840 f   c1_trackingSim.obj
 0001:00002850       init_dsm_address_info      0000000180003850 f   c1_trackingSim.obj
 0001:00002860       init_simulink_io_address   0000000180003860 f   c1_trackingSim.obj
 0001:00002980       sf_get_sim_state_info_c1_trackingSim 0000000180003980 f   c1_trackingSim.obj
 0001:00002a40       chart_debug_initialization 0000000180003a40 f   c1_trackingSim.obj
 0001:00003890       init_script_number_translation 0000000180004890 f   c1_trackingSim.obj
 0001:000038e0       c1_sf_marshallOut          00000001800048e0 f   c1_trackingSim.obj
 0001:000039f0       c1_sf_marshallIn           00000001800049f0 f   c1_trackingSim.obj
 0001:00003b00       c1_b_emlrt_marshallIn      0000000180004b00 f   c1_trackingSim.obj
 0001:00003bf0       c1_b_sf_marshallOut        0000000180004bf0 f   c1_trackingSim.obj
 0001:00003ca0       c1_c_sf_marshallOut        0000000180004ca0 f   c1_trackingSim.obj
 0001:00003e20       c1_d_sf_marshallOut        0000000180004e20 f   c1_trackingSim.obj
 0001:00003f40       c1_e_sf_marshallOut        0000000180004f40 f   c1_trackingSim.obj
 0001:00004050       c1_f_sf_marshallOut        0000000180005050 f   c1_trackingSim.obj
 0001:00004180       sf_opaque_initialize_c1_trackingSim 0000000180005180 f   c1_trackingSim.obj
 0001:000041c0       initialize_c1_trackingSim  00000001800051c0 f   c1_trackingSim.obj
 0001:00004230       initSimStructsc1_trackingSim 0000000180005230 f   c1_trackingSim.obj
 0001:00004240       chart_debug_initialize_data_addresses 0000000180005240 f   c1_trackingSim.obj
 0001:00004550       sf_opaque_enable_c1_trackingSim 0000000180005550 f   c1_trackingSim.obj
 0001:00004570       enable_c1_trackingSim      0000000180005570 f   c1_trackingSim.obj
 0001:000045a0       sf_opaque_disable_c1_trackingSim 00000001800055a0 f   c1_trackingSim.obj
 0001:000045c0       disable_c1_trackingSim     00000001800055c0 f   c1_trackingSim.obj
 0001:000045f0       sf_opaque_gateway_c1_trackingSim 00000001800055f0 f   c1_trackingSim.obj
 0001:00004610       sf_gateway_c1_trackingSim  0000000180005610 f   c1_trackingSim.obj
 0001:00005b70       c1_Jac1                    0000000180006b70 f   c1_trackingSim.obj
 0001:0000f8e0       c1_b_sf_marshallIn         00000001800108e0 f   c1_trackingSim.obj
 0001:0000f990       c1_c_emlrt_marshallIn      0000000180010990 f   c1_trackingSim.obj
 0001:0000fa20       c1_g_sf_marshallOut        0000000180010a20 f   c1_trackingSim.obj
 0001:0000fb90       c1_c_sf_marshallIn         0000000180010b90 f   c1_trackingSim.obj
 0001:0000fd00       c1_d_emlrt_marshallIn      0000000180010d00 f   c1_trackingSim.obj
 0001:0000fe00       c1_d_sf_marshallIn         0000000180010e00 f   c1_trackingSim.obj
 0001:0000ff10       c1_e_emlrt_marshallIn      0000000180010f10 f   c1_trackingSim.obj
 0001:00010000       c1_e_sf_marshallIn         0000000180011000 f   c1_trackingSim.obj
 0001:00010100       c1_f_emlrt_marshallIn      0000000180011100 f   c1_trackingSim.obj
 0001:000101f0       c1_f_sf_marshallIn         00000001800111f0 f   c1_trackingSim.obj
 0001:00010340       c1_g_emlrt_marshallIn      0000000180011340 f   c1_trackingSim.obj
 0001:00010450       c1_local_rank              0000000180011450 f   c1_trackingSim.obj
 0001:00010690       c1_isfinite                0000000180011690 f   c1_trackingSim.obj
 0001:00010760       c1_error                   0000000180011760 f   c1_trackingSim.obj
 0001:00010840       c1_xzsvdc                  0000000180011840 f   c1_trackingSim.obj
 0001:000139d0       c1_xnrm2                   00000001800149d0 f   c1_trackingSim.obj
 0001:00013c50       c1_abs                     0000000180014c50 f   c1_trackingSim.obj
 0001:00013c90       c1_check_forloop_overflow_error 0000000180014c90 f   c1_trackingSim.obj
 0001:00013df0       c1_xdotc                   0000000180014df0 f   c1_trackingSim.obj
 0001:00013f10       c1_xdot                    0000000180014f10 f   c1_trackingSim.obj
 0001:00014080       c1_b_xnrm2                 0000000180015080 f   c1_trackingSim.obj
 0001:00014300       c1_b_error                 0000000180015300 f   c1_trackingSim.obj
 0001:000143e0       c1_eml_extremum            00000001800153e0 f   c1_trackingSim.obj
 0001:000145b0       c1_pinv                    00000001800155b0 f   c1_trackingSim.obj
 0001:00014a10       c1_b_xzsvdc                0000000180015a10 f   c1_trackingSim.obj
 0001:00018a80       c1_b_xdotc                 0000000180019a80 f   c1_trackingSim.obj
 0001:00018b90       c1_b_xdot                  0000000180019b90 f   c1_trackingSim.obj
 0001:00018d00       c1_b_cos                   0000000180019d00 f   c1_trackingSim.obj
 0001:00018d30       c1_b_sin                   0000000180019d30 f   c1_trackingSim.obj
 0001:00018d60       c1_e_xaxpy                 0000000180019d60 f   c1_trackingSim.obj
 0001:00018f40       c1_f_xaxpy                 0000000180019f40 f   c1_trackingSim.obj
 0001:00019110       c1_g_xaxpy                 000000018001a110 f   c1_trackingSim.obj
 0001:000192f0       c1_b_xrotg                 000000018001a2f0 f   c1_trackingSim.obj
 0001:000193c0       c1_b_sqrt                  000000018001a3c0 f   c1_trackingSim.obj
 0001:00019450       c1_c_error                 000000018001a450 f   c1_trackingSim.obj
 0001:000195a0       c1_h_xaxpy                 000000018001a5a0 f   c1_trackingSim.obj
 0001:00019770       c1_c_xscal                 000000018001a770 f   c1_trackingSim.obj
 0001:00019890       c1_d_xscal                 000000018001a890 f   c1_trackingSim.obj
 0001:000199b0       c1_c_xrot                  000000018001a9b0 f   c1_trackingSim.obj
 0001:00019ae0       c1_d_xrot                  000000018001aae0 f   c1_trackingSim.obj
 0001:00019c10       c1_c_xswap                 000000018001ac10 f   c1_trackingSim.obj
 0001:00019ce0       c1_d_xswap                 000000018001ace0 f   c1_trackingSim.obj
 0001:00019db0       c1_b_xgemm                 000000018001adb0 f   c1_trackingSim.obj
 0001:0001a250       sf_opaque_get_sim_state_c1_trackingSim 000000018001b250 f   c1_trackingSim.obj
 0001:0001a280       get_sim_state_c1_trackingSim 000000018001b280 f   c1_trackingSim.obj
 0001:0001a3f0       sf_opaque_set_sim_state_c1_trackingSim 000000018001b3f0 f   c1_trackingSim.obj
 0001:0001a420       set_sim_state_c1_trackingSim 000000018001b420 f   c1_trackingSim.obj
 0001:0001a540       c1_update_debugger_state_c1_trackingSim 000000018001b540 f   c1_trackingSim.obj
 0001:0001a550       c1_emlrt_marshallIn        000000018001b550 f   c1_trackingSim.obj
 0001:0001a5c0       c1_i_emlrt_marshallIn      000000018001b5c0 f   c1_trackingSim.obj
 0001:0001a630       c1_j_emlrt_marshallIn      000000018001b630 f   c1_trackingSim.obj
 0001:0001a6c0       sf_opaque_terminate_c1_trackingSim 000000018001b6c0 f   c1_trackingSim.obj
 0001:0001a760       finalize_c1_trackingSim    000000018001b760 f   c1_trackingSim.obj
 0001:0001a770       mdlRTW_c1_trackingSim      000000018001b770 f   c1_trackingSim.obj
 0001:0001d290       _ssFatalError              000000018001e290 f   trackingSim_sfun_registry.obj
 0001:00020670       ProcessMexSfunctionCmdLineCall 0000000180021670 f   trackingSim_sfun_registry.obj
 0001:000207d0       sf_debug_api_wrapper       00000001800217d0 f   trackingSim_sfun_registry.obj
 0001:00020820       mdlStart                   0000000180021820 f   trackingSim_sfun_registry.obj
 0001:00020850       mdl_start_processing       0000000180021850 f   trackingSim_sfun_registry.obj
 0001:00020900       mdlTerminate               0000000180021900 f   trackingSim_sfun_registry.obj
 0001:00020930       mdl_terminate_processing   0000000180021930 f   trackingSim_sfun_registry.obj
 0001:000209b0       mdlInitializeSampleTimes   00000001800219b0 f   trackingSim_sfun_registry.obj
 0001:000209e0       mdlZeroCrossings           00000001800219e0 f   trackingSim_sfun_registry.obj
 0001:00020a10       mdl_zeroCrossings_processing 0000000180021a10 f   trackingSim_sfun_registry.obj
 0001:00020a50       mdlDerivatives             0000000180021a50 f   trackingSim_sfun_registry.obj
 0001:00020a80       mdl_derivatives_processing 0000000180021a80 f   trackingSim_sfun_registry.obj
 0001:00020ad0       mdlInitializeConditions    0000000180021ad0 f   trackingSim_sfun_registry.obj
 0001:00020b00       mdl_initialize_conditions_processing 0000000180021b00 f   trackingSim_sfun_registry.obj
 0001:00020b50       mdlEnable                  0000000180021b50 f   trackingSim_sfun_registry.obj
 0001:00020b80       mdl_enable_processing      0000000180021b80 f   trackingSim_sfun_registry.obj
 0001:00020bc0       mdlDisable                 0000000180021bc0 f   trackingSim_sfun_registry.obj
 0001:00020bf0       mdl_disable_processing     0000000180021bf0 f   trackingSim_sfun_registry.obj
 0001:00020c30       mdlOutputs                 0000000180021c30 f   trackingSim_sfun_registry.obj
 0001:00020c60       mdl_outputs_processing     0000000180021c60 f   trackingSim_sfun_registry.obj
 0001:00020d70       mdl_outputs_continuous_legacy 0000000180021d70 f   trackingSim_sfun_registry.obj
 0001:00020e60       mdlUpdate                  0000000180021e60 f   trackingSim_sfun_registry.obj
 0001:00020e90       mdl_update_processing      0000000180021e90 f   trackingSim_sfun_registry.obj
 0001:00020ee0       mdlGetTimeOfNextVarHit     0000000180021ee0 f   trackingSim_sfun_registry.obj
 0001:00020f30       _ProcessMexSfunctionCmdLineCall 0000000180021f30 f   trackingSim_sfun_registry.obj
 0001:00021690       mdlSetWorkWidths           0000000180022690 f   trackingSim_sfun_registry.obj
 0001:000216c0       mdlProcessParameters       00000001800226c0 f   trackingSim_sfun_registry.obj
 0001:000216f0       mdlInitializeSizes         00000001800226f0 f   trackingSim_sfun_registry.obj
 0001:00021720       mdlExtModeExec             0000000180022720 f   trackingSim_sfun_registry.obj
 0001:00021750       mdl_ext_mode_exec_processing 0000000180022750 f   trackingSim_sfun_registry.obj
 0001:00021790       mdlRTW                     0000000180022790 f   trackingSim_sfun_registry.obj
 0001:000217d0       _CreateSimStruct           00000001800227d0 f   trackingSim_sfun_registry.obj
 0001:000219c0       _RegNumInputPortsCB        00000001800229c0 f   trackingSim_sfun_registry.obj
 0001:00021a40       _RegNumOutputPortsCB       0000000180022a40 f   trackingSim_sfun_registry.obj
 0001:00022070       pre_c_init                 0000000180023070 f   MSVCRT:crtdll.obj
 0001:0002232c       __DllMainCRTStartup        000000018002332c f   MSVCRT:crtdll.obj
 0001:00022990       __DllMainCRTStartup$filt$0 0000000180023990 f   MSVCRT:crtdll.obj
 0001:000229c0       __DllMainCRTStartup$fin$1  00000001800239c0 f   MSVCRT:crtdll.obj
 0001:000229da       _onexit$fin$0              00000001800239da f   MSVCRT:atonexit.obj
 0001:00022a00       _IsNonwritableInCurrentImage$filt$0 0000000180023a00 f   MSVCRT:pesect.obj
